<?xml version="1.0" encoding="utf-8"?><testsuites><testsuite name="pytest" errors="0" failures="0" skipped="0" tests="14" time="0.103" timestamp="2025-04-23T23:48:41.997443-04:00" hostname="HStarks-M1-Max.nyc.rr.com"><testcase classname="api.tests.test_issue_tracker" name="test_init" time="0.001" /><testcase classname="api.tests.test_issue_tracker" name="test_set_current_user" time="0.000" /><testcase classname="api.tests.test_issue_tracker" name="test_create_issue" time="0.000" /><testcase classname="api.tests.test_issue_tracker" name="test_get_issue" time="0.000" /><testcase classname="api.tests.test_issue_tracker" name="test_get_issue_not_found" time="0.002" /><testcase classname="api.tests.test_issue_tracker" name="test_get_issues_no_filters" time="0.000" /><testcase classname="api.tests.test_issue_tracker" name="test_get_issues_with_filters" time="0.000" /><testcase classname="api.tests.test_issue_tracker" name="test_update_issue" time="0.000" /><testcase classname="api.tests.test_issue_tracker" name="test_update_issue_not_found" time="0.000" /><testcase classname="api.tests.test_issue_tracker" name="test_add_comment" time="0.000" /><testcase classname="api.tests.test_issue_tracker" name="test_add_comment_issue_not_found" time="0.000" /><testcase classname="api.tests.test_issue_tracker" name="test_get_comments" time="0.000" /><testcase classname="api.tests.test_issue_tracker" name="test_search_issues" time="0.000" /><testcase classname="api.tests.test_issue_tracker" name="test_search_issues_no_results" time="0.000" /></testsuite></testsuites>